{
  "payload": null,
  "errors": [
    {
      "code": "AccountOrPasswordError",
      "message": "Account or password incorrect!"
    }
  ]
}
